[1.470s] Invoking command in '/home/gnan/janu_ws/src/build/turtlebot_maze_solver': PYTHONPATH=/home/gnan/janu_ws/src/build/turtlebot_maze_solver/prefix_override:/usr/lib/python3/dist-packages/colcon_core/task/python/colcon_distutils_commands:/home/gnan/janu_ws/src/install/turtlebot_maze_solver/lib/python3.10/site-packages:${PYTHONPATH} /usr/bin/python3 -W ignore:setup.py install is deprecated -W ignore:easy_install command is deprecated setup.py develop --editable --build-directory /home/gnan/janu_ws/src/build/turtlebot_maze_solver/build --no-deps symlink_data
[1.852s] running develop
[2.046s] running egg_info
[2.046s] creating turtlebot_maze_solver.egg-info
[2.047s] writing turtlebot_maze_solver.egg-info/PKG-INFO
[2.047s] writing dependency_links to turtlebot_maze_solver.egg-info/dependency_links.txt
[2.047s] writing entry points to turtlebot_maze_solver.egg-info/entry_points.txt
[2.047s] writing requirements to turtlebot_maze_solver.egg-info/requires.txt
[2.047s] writing top-level names to turtlebot_maze_solver.egg-info/top_level.txt
[2.048s] writing manifest file 'turtlebot_maze_solver.egg-info/SOURCES.txt'
[2.051s] reading manifest file 'turtlebot_maze_solver.egg-info/SOURCES.txt'
[2.052s] writing manifest file 'turtlebot_maze_solver.egg-info/SOURCES.txt'
[2.053s] running build_ext
[2.054s] Creating /home/gnan/janu_ws/src/install/turtlebot_maze_solver/lib/python3.10/site-packages/turtlebot-maze-solver.egg-link (link to .)
[2.054s] 
[2.054s] Installed /home/gnan/janu_ws/src/build/turtlebot_maze_solver
[2.055s] running symlink_data
[2.055s] symbolically linking /home/gnan/janu_ws/src/build/turtlebot_maze_solver/resource/turtlebot_maze_solver -> /home/gnan/janu_ws/src/install/turtlebot_maze_solver/share/ament_index/resource_index/packages
[2.055s] error: [Errno 17] File exists: '/home/gnan/janu_ws/src/build/turtlebot_maze_solver/resource/turtlebot_maze_solver' -> '/home/gnan/janu_ws/src/install/turtlebot_maze_solver/share/ament_index/resource_index/packages/turtlebot_maze_solver'
[2.103s] Invoked command in '/home/gnan/janu_ws/src/build/turtlebot_maze_solver' returned '1': PYTHONPATH=/home/gnan/janu_ws/src/build/turtlebot_maze_solver/prefix_override:/usr/lib/python3/dist-packages/colcon_core/task/python/colcon_distutils_commands:/home/gnan/janu_ws/src/install/turtlebot_maze_solver/lib/python3.10/site-packages:${PYTHONPATH} /usr/bin/python3 -W ignore:setup.py install is deprecated -W ignore:easy_install command is deprecated setup.py develop --editable --build-directory /home/gnan/janu_ws/src/build/turtlebot_maze_solver/build --no-deps symlink_data
