-- The C compiler identification is GNU 11.4.0
-- The CXX compiler identification is GNU 11.4.0
-- Detecting C compiler ABI info
-- Detecting C compiler ABI info - done
-- Check for working C compiler: /usr/bin/cc - skipped
-- Detecting C compile features
-- Detecting C compile features - done
-- Detecting CXX compiler ABI info
-- Detecting CXX compiler ABI info - done
-- Check for working CXX compiler: /usr/bin/c++ - skipped
-- Detecting CXX compile features
-- Detecting CXX compile features - done
-- Found ament_cmake: 1.3.14 (/opt/ros/humble/share/ament_cmake/cmake)
-- Found Python3: /usr/bin/python3 (found version "3.10.12") found components: Interpreter 
-- Found ament_lint_auto: 0.12.15 (/opt/ros/humble/share/ament_lint_auto/cmake)
-- Added test 'lint_cmake' to check CMake code style
-- Added test 'xmllint' to check XML markup files
-- Configuring done
-- Generating done
-- Build files have been written to: /home/gnan/janu_ws/src/build/turtlebot_maze_solver
-- Install configuration: ""
-- Installing: /home/gnan/janu_ws/src/install/turtlebot_maze_solver/share/ament_index/resource_index/package_run_dependencies/turtlebot_maze_solver
-- Installing: /home/gnan/janu_ws/src/install/turtlebot_maze_solver/share/ament_index/resource_index/parent_prefix_path/turtlebot_maze_solver
-- Installing: /home/gnan/janu_ws/src/install/turtlebot_maze_solver/share/turtlebot_maze_solver/environment/ament_prefix_path.sh
-- Installing: /home/gnan/janu_ws/src/install/turtlebot_maze_solver/share/turtlebot_maze_solver/environment/ament_prefix_path.dsv
-- Installing: /home/gnan/janu_ws/src/install/turtlebot_maze_solver/share/turtlebot_maze_solver/environment/path.sh
-- Installing: /home/gnan/janu_ws/src/install/turtlebot_maze_solver/share/turtlebot_maze_solver/environment/path.dsv
-- Installing: /home/gnan/janu_ws/src/install/turtlebot_maze_solver/share/turtlebot_maze_solver/local_setup.bash
-- Installing: /home/gnan/janu_ws/src/install/turtlebot_maze_solver/share/turtlebot_maze_solver/local_setup.sh
-- Installing: /home/gnan/janu_ws/src/install/turtlebot_maze_solver/share/turtlebot_maze_solver/local_setup.zsh
-- Installing: /home/gnan/janu_ws/src/install/turtlebot_maze_solver/share/turtlebot_maze_solver/local_setup.dsv
-- Installing: /home/gnan/janu_ws/src/install/turtlebot_maze_solver/share/turtlebot_maze_solver/package.dsv
-- Installing: /home/gnan/janu_ws/src/install/turtlebot_maze_solver/share/ament_index/resource_index/packages/turtlebot_maze_solver
-- Installing: /home/gnan/janu_ws/src/install/turtlebot_maze_solver/share/turtlebot_maze_solver/cmake/turtlebot_maze_solverConfig.cmake
-- Installing: /home/gnan/janu_ws/src/install/turtlebot_maze_solver/share/turtlebot_maze_solver/cmake/turtlebot_maze_solverConfig-version.cmake
-- Installing: /home/gnan/janu_ws/src/install/turtlebot_maze_solver/share/turtlebot_maze_solver/package.xml
