[0.517s] Invoking command in '/home/gnan/janu_ws/src/build/turtlebot_maze_solver': CMAKE_PREFIX_PATH=/home/gnan/janu_ws/install/my_robot_controller:/opt/ros/humble /usr/bin/cmake /home/gnan/janu_ws/src/turtlebot_maze_solver -DCMAKE_INSTALL_PREFIX=/home/gnan/janu_ws/src/install/turtlebot_maze_solver
[0.992s] -- The C compiler identification is GNU 11.4.0
[2.013s] -- The CXX compiler identification is GNU 11.4.0
[2.697s] -- Detecting C compiler ABI info
[2.973s] -- Detecting C compiler ABI info - done
[2.980s] -- Check for working C compiler: /usr/bin/cc - skipped
[3.031s] -- Detecting C compile features
[3.033s] -- Detecting C compile features - done
[3.041s] -- Detecting CXX compiler ABI info
[3.306s] -- Detecting CXX compiler ABI info - done
[3.314s] -- Check for working CXX compiler: /usr/bin/c++ - skipped
[3.314s] -- Detecting CXX compile features
[3.314s] -- Detecting CXX compile features - done
[3.381s] -- Found ament_cmake: 1.3.14 (/opt/ros/humble/share/ament_cmake/cmake)
[3.604s] -- Found Python3: /usr/bin/python3 (found version "3.10.12") found components: Interpreter 
[3.872s] -- Found ament_lint_auto: 0.12.15 (/opt/ros/humble/share/ament_lint_auto/cmake)
[4.069s] -- Added test 'lint_cmake' to check CMake code style
[4.073s] -- Added test 'xmllint' to check XML markup files
[4.078s] -- Configuring done
[4.088s] -- Generating done
[4.090s] -- Build files have been written to: /home/gnan/janu_ws/src/build/turtlebot_maze_solver
[4.099s] Invoked command in '/home/gnan/janu_ws/src/build/turtlebot_maze_solver' returned '0': CMAKE_PREFIX_PATH=/home/gnan/janu_ws/install/my_robot_controller:/opt/ros/humble /usr/bin/cmake /home/gnan/janu_ws/src/turtlebot_maze_solver -DCMAKE_INSTALL_PREFIX=/home/gnan/janu_ws/src/install/turtlebot_maze_solver
[4.103s] Invoking command in '/home/gnan/janu_ws/src/build/turtlebot_maze_solver': CMAKE_PREFIX_PATH=/home/gnan/janu_ws/install/my_robot_controller:/opt/ros/humble /usr/bin/cmake --build /home/gnan/janu_ws/src/build/turtlebot_maze_solver -- -j12 -l12
[4.172s] Invoked command in '/home/gnan/janu_ws/src/build/turtlebot_maze_solver' returned '0': CMAKE_PREFIX_PATH=/home/gnan/janu_ws/install/my_robot_controller:/opt/ros/humble /usr/bin/cmake --build /home/gnan/janu_ws/src/build/turtlebot_maze_solver -- -j12 -l12
[4.188s] Invoking command in '/home/gnan/janu_ws/src/build/turtlebot_maze_solver': CMAKE_PREFIX_PATH=/home/gnan/janu_ws/install/my_robot_controller:/opt/ros/humble /usr/bin/cmake --install /home/gnan/janu_ws/src/build/turtlebot_maze_solver
[4.202s] -- Install configuration: ""
[4.205s] -- Installing: /home/gnan/janu_ws/src/install/turtlebot_maze_solver/share/ament_index/resource_index/package_run_dependencies/turtlebot_maze_solver
[4.206s] -- Installing: /home/gnan/janu_ws/src/install/turtlebot_maze_solver/share/ament_index/resource_index/parent_prefix_path/turtlebot_maze_solver
[4.207s] -- Installing: /home/gnan/janu_ws/src/install/turtlebot_maze_solver/share/turtlebot_maze_solver/environment/ament_prefix_path.sh
[4.208s] -- Installing: /home/gnan/janu_ws/src/install/turtlebot_maze_solver/share/turtlebot_maze_solver/environment/ament_prefix_path.dsv
[4.208s] -- Installing: /home/gnan/janu_ws/src/install/turtlebot_maze_solver/share/turtlebot_maze_solver/environment/path.sh
[4.208s] -- Installing: /home/gnan/janu_ws/src/install/turtlebot_maze_solver/share/turtlebot_maze_solver/environment/path.dsv
[4.208s] -- Installing: /home/gnan/janu_ws/src/install/turtlebot_maze_solver/share/turtlebot_maze_solver/local_setup.bash
[4.209s] -- Installing: /home/gnan/janu_ws/src/install/turtlebot_maze_solver/share/turtlebot_maze_solver/local_setup.sh
[4.209s] -- Installing: /home/gnan/janu_ws/src/install/turtlebot_maze_solver/share/turtlebot_maze_solver/local_setup.zsh
[4.209s] -- Installing: /home/gnan/janu_ws/src/install/turtlebot_maze_solver/share/turtlebot_maze_solver/local_setup.dsv
[4.210s] -- Installing: /home/gnan/janu_ws/src/install/turtlebot_maze_solver/share/turtlebot_maze_solver/package.dsv
[4.210s] -- Installing: /home/gnan/janu_ws/src/install/turtlebot_maze_solver/share/ament_index/resource_index/packages/turtlebot_maze_solver
[4.211s] -- Installing: /home/gnan/janu_ws/src/install/turtlebot_maze_solver/share/turtlebot_maze_solver/cmake/turtlebot_maze_solverConfig.cmake
[4.211s] -- Installing: /home/gnan/janu_ws/src/install/turtlebot_maze_solver/share/turtlebot_maze_solver/cmake/turtlebot_maze_solverConfig-version.cmake
[4.212s] -- Installing: /home/gnan/janu_ws/src/install/turtlebot_maze_solver/share/turtlebot_maze_solver/package.xml
[4.215s] Invoked command in '/home/gnan/janu_ws/src/build/turtlebot_maze_solver' returned '0': CMAKE_PREFIX_PATH=/home/gnan/janu_ws/install/my_robot_controller:/opt/ros/humble /usr/bin/cmake --install /home/gnan/janu_ws/src/build/turtlebot_maze_solver
