[0.977s] Invoking command in '/home/gnan/janu_ws/src/build/my_robot_controller': PYTHONPATH=/home/gnan/janu_ws/src/build/my_robot_controller/prefix_override:/usr/lib/python3/dist-packages/colcon_core/task/python/colcon_distutils_commands:/home/gnan/janu_ws/src/install/my_robot_controller/lib/python3.10/site-packages:${PYTHONPATH} /usr/bin/python3 -W ignore:setup.py install is deprecated -W ignore:easy_install command is deprecated setup.py develop --editable --build-directory /home/gnan/janu_ws/src/build/my_robot_controller/build --no-deps symlink_data
[1.233s] running develop
[1.378s] running egg_info
[1.379s] writing my_robot_controller.egg-info/PKG-INFO
[1.379s] writing dependency_links to my_robot_controller.egg-info/dependency_links.txt
[1.379s] writing entry points to my_robot_controller.egg-info/entry_points.txt
[1.380s] writing requirements to my_robot_controller.egg-info/requires.txt
[1.380s] writing top-level names to my_robot_controller.egg-info/top_level.txt
[1.381s] reading manifest file 'my_robot_controller.egg-info/SOURCES.txt'
[1.383s] writing manifest file 'my_robot_controller.egg-info/SOURCES.txt'
[1.385s] running build_ext
[1.386s] Creating /home/gnan/janu_ws/src/install/my_robot_controller/lib/python3.10/site-packages/my-robot-controller.egg-link (link to .)
[1.387s] Installing draw_circle script to /home/gnan/janu_ws/src/install/my_robot_controller/lib/my_robot_controller
[1.387s] Installing pose_subscriber script to /home/gnan/janu_ws/src/install/my_robot_controller/lib/my_robot_controller
[1.387s] Installing test_node script to /home/gnan/janu_ws/src/install/my_robot_controller/lib/my_robot_controller
[1.388s] Installing turtle_controller script to /home/gnan/janu_ws/src/install/my_robot_controller/lib/my_robot_controller
[1.388s] 
[1.388s] Installed /home/gnan/janu_ws/src/build/my_robot_controller
[1.388s] running symlink_data
[1.433s] Invoked command in '/home/gnan/janu_ws/src/build/my_robot_controller' returned '0': PYTHONPATH=/home/gnan/janu_ws/src/build/my_robot_controller/prefix_override:/usr/lib/python3/dist-packages/colcon_core/task/python/colcon_distutils_commands:/home/gnan/janu_ws/src/install/my_robot_controller/lib/python3.10/site-packages:${PYTHONPATH} /usr/bin/python3 -W ignore:setup.py install is deprecated -W ignore:easy_install command is deprecated setup.py develop --editable --build-directory /home/gnan/janu_ws/src/build/my_robot_controller/build --no-deps symlink_data
