[1.551s] Invoking command in '/home/gnan/janu_ws/src/my_robot_controller': PYTHONPATH=/home/gnan/janu_ws/src/build/my_robot_controller/prefix_override:/usr/lib/python3/dist-packages/colcon_core/task/python/colcon_distutils_commands:/home/gnan/janu_ws/src/install/my_robot_controller/lib/python3.10/site-packages:${PYTHONPATH} /usr/bin/python3 -W ignore:setup.py install is deprecated -W ignore:easy_install command is deprecated setup.py egg_info --egg-base ../build/my_robot_controller build --build-base /home/gnan/janu_ws/src/build/my_robot_controller/build install --record /home/gnan/janu_ws/src/build/my_robot_controller/install.log --single-version-externally-managed install_data
[1.885s] running egg_info
[1.885s] creating ../build/my_robot_controller/my_robot_controller.egg-info
[1.886s] writing ../build/my_robot_controller/my_robot_controller.egg-info/PKG-INFO
[1.887s] writing dependency_links to ../build/my_robot_controller/my_robot_controller.egg-info/dependency_links.txt
[1.887s] writing entry points to ../build/my_robot_controller/my_robot_controller.egg-info/entry_points.txt
[1.888s] writing requirements to ../build/my_robot_controller/my_robot_controller.egg-info/requires.txt
[1.888s] writing top-level names to ../build/my_robot_controller/my_robot_controller.egg-info/top_level.txt
[1.888s] writing manifest file '../build/my_robot_controller/my_robot_controller.egg-info/SOURCES.txt'
[1.890s] reading manifest file '../build/my_robot_controller/my_robot_controller.egg-info/SOURCES.txt'
[1.891s] writing manifest file '../build/my_robot_controller/my_robot_controller.egg-info/SOURCES.txt'
[1.892s] running build
[1.892s] running build_py
[1.892s] creating /home/gnan/janu_ws/src/build/my_robot_controller/build
[1.893s] creating /home/gnan/janu_ws/src/build/my_robot_controller/build/lib
[1.893s] creating /home/gnan/janu_ws/src/build/my_robot_controller/build/lib/my_robot_controller
[1.894s] copying my_robot_controller/my_first_node.py -> /home/gnan/janu_ws/src/build/my_robot_controller/build/lib/my_robot_controller
[1.895s] copying my_robot_controller/draw_circle.py -> /home/gnan/janu_ws/src/build/my_robot_controller/build/lib/my_robot_controller
[1.896s] copying my_robot_controller/__init__.py -> /home/gnan/janu_ws/src/build/my_robot_controller/build/lib/my_robot_controller
[1.896s] copying my_robot_controller/turtle_controller.py -> /home/gnan/janu_ws/src/build/my_robot_controller/build/lib/my_robot_controller
[1.897s] copying my_robot_controller/pose_subscriber.py -> /home/gnan/janu_ws/src/build/my_robot_controller/build/lib/my_robot_controller
[1.897s] running install
[1.900s] running install_lib
[1.903s] creating /home/gnan/janu_ws/src/install/my_robot_controller/lib/python3.10/site-packages/my_robot_controller
[1.904s] copying /home/gnan/janu_ws/src/build/my_robot_controller/build/lib/my_robot_controller/my_first_node.py -> /home/gnan/janu_ws/src/install/my_robot_controller/lib/python3.10/site-packages/my_robot_controller
[1.904s] copying /home/gnan/janu_ws/src/build/my_robot_controller/build/lib/my_robot_controller/draw_circle.py -> /home/gnan/janu_ws/src/install/my_robot_controller/lib/python3.10/site-packages/my_robot_controller
[1.904s] copying /home/gnan/janu_ws/src/build/my_robot_controller/build/lib/my_robot_controller/__init__.py -> /home/gnan/janu_ws/src/install/my_robot_controller/lib/python3.10/site-packages/my_robot_controller
[1.904s] copying /home/gnan/janu_ws/src/build/my_robot_controller/build/lib/my_robot_controller/turtle_controller.py -> /home/gnan/janu_ws/src/install/my_robot_controller/lib/python3.10/site-packages/my_robot_controller
[1.905s] copying /home/gnan/janu_ws/src/build/my_robot_controller/build/lib/my_robot_controller/pose_subscriber.py -> /home/gnan/janu_ws/src/install/my_robot_controller/lib/python3.10/site-packages/my_robot_controller
[1.905s] byte-compiling /home/gnan/janu_ws/src/install/my_robot_controller/lib/python3.10/site-packages/my_robot_controller/my_first_node.py to my_first_node.cpython-310.pyc
[1.906s] byte-compiling /home/gnan/janu_ws/src/install/my_robot_controller/lib/python3.10/site-packages/my_robot_controller/draw_circle.py to draw_circle.cpython-310.pyc
[1.907s] byte-compiling /home/gnan/janu_ws/src/install/my_robot_controller/lib/python3.10/site-packages/my_robot_controller/__init__.py to __init__.cpython-310.pyc
[1.907s] byte-compiling /home/gnan/janu_ws/src/install/my_robot_controller/lib/python3.10/site-packages/my_robot_controller/turtle_controller.py to turtle_controller.cpython-310.pyc
[1.908s] byte-compiling /home/gnan/janu_ws/src/install/my_robot_controller/lib/python3.10/site-packages/my_robot_controller/pose_subscriber.py to pose_subscriber.cpython-310.pyc
[1.908s] running install_data
[1.909s] creating /home/gnan/janu_ws/src/install/my_robot_controller/share/ament_index
[1.909s] creating /home/gnan/janu_ws/src/install/my_robot_controller/share/ament_index/resource_index
[1.910s] creating /home/gnan/janu_ws/src/install/my_robot_controller/share/ament_index/resource_index/packages
[1.911s] copying resource/my_robot_controller -> /home/gnan/janu_ws/src/install/my_robot_controller/share/ament_index/resource_index/packages
[1.911s] copying package.xml -> /home/gnan/janu_ws/src/install/my_robot_controller/share/my_robot_controller
[1.911s] running install_egg_info
[1.913s] Copying ../build/my_robot_controller/my_robot_controller.egg-info to /home/gnan/janu_ws/src/install/my_robot_controller/lib/python3.10/site-packages/my_robot_controller-0.0.0-py3.10.egg-info
[1.915s] running install_scripts
[1.938s] Installing draw_circle script to /home/gnan/janu_ws/src/install/my_robot_controller/lib/my_robot_controller
[1.939s] Installing pose_subscriber script to /home/gnan/janu_ws/src/install/my_robot_controller/lib/my_robot_controller
[1.939s] Installing test_node script to /home/gnan/janu_ws/src/install/my_robot_controller/lib/my_robot_controller
[1.939s] Installing turtle_controller script to /home/gnan/janu_ws/src/install/my_robot_controller/lib/my_robot_controller
[1.940s] writing list of installed files to '/home/gnan/janu_ws/src/build/my_robot_controller/install.log'
[2.020s] Invoked command in '/home/gnan/janu_ws/src/my_robot_controller' returned '0': PYTHONPATH=/home/gnan/janu_ws/src/build/my_robot_controller/prefix_override:/usr/lib/python3/dist-packages/colcon_core/task/python/colcon_distutils_commands:/home/gnan/janu_ws/src/install/my_robot_controller/lib/python3.10/site-packages:${PYTHONPATH} /usr/bin/python3 -W ignore:setup.py install is deprecated -W ignore:easy_install command is deprecated setup.py egg_info --egg-base ../build/my_robot_controller build --build-base /home/gnan/janu_ws/src/build/my_robot_controller/build install --record /home/gnan/janu_ws/src/build/my_robot_controller/install.log --single-version-externally-managed install_data
