[0.227s] DEBUG:colcon:Command line arguments: ['/usr/bin/colcon', 'build', '--symlink-install']
[0.228s] DEBUG:colcon:Parsed command line arguments: Namespace(log_base=None, log_level=None, verb_name='build', build_base='build', install_base='install', merge_install=False, symlink_install=True, test_result_base=None, continue_on_error=False, executor='parallel', parallel_workers=12, event_handlers=None, ignore_user_meta=False, metas=['./colcon.meta'], base_paths=['.'], packages_ignore=None, packages_ignore_regex=None, paths=None, packages_up_to=None, packages_up_to_regex=None, packages_above=None, packages_above_and_dependencies=None, packages_above_depth=None, packages_select_by_dep=None, packages_skip_by_dep=None, packages_skip_up_to=None, packages_select_build_failed=False, packages_skip_build_finished=False, packages_select_test_failures=False, packages_skip_test_passed=False, packages_select=None, packages_skip=None, packages_select_regex=None, packages_skip_regex=None, packages_start=None, packages_end=None, allow_overriding=[], cmake_args=None, cmake_target=None, cmake_target_skip_unavailable=False, cmake_clean_cache=False, cmake_clean_first=False, cmake_force_configure=False, ament_cmake_args=None, catkin_cmake_args=None, catkin_skip_building_tests=False, verb_parser=<colcon_defaults.argument_parser.defaults.DefaultArgumentsDecorator object at 0x74525fafcaf0>, verb_extension=<colcon_core.verb.build.BuildVerb object at 0x74525fc61ed0>, main=<bound method BuildVerb.main of <colcon_core.verb.build.BuildVerb object at 0x74525fc61ed0>>)
[5.985s] Level 1:colcon.colcon_core.package_discovery:discover_packages(colcon_meta) check parameters
[5.985s] Level 1:colcon.colcon_core.package_discovery:discover_packages(recursive) check parameters
[5.985s] Level 1:colcon.colcon_core.package_discovery:discover_packages(ignore) check parameters
[5.986s] Level 1:colcon.colcon_core.package_discovery:discover_packages(path) check parameters
[5.986s] Level 1:colcon.colcon_core.package_discovery:discover_packages(colcon_meta) discover
[5.986s] Level 1:colcon.colcon_core.package_discovery:discover_packages(recursive) discover
[5.986s] INFO:colcon.colcon_core.package_discovery:Crawling recursively for packages in '/home/gnan/janu_ws/src'
[5.987s] Level 1:colcon.colcon_core.package_identification:_identify(.) by extensions ['ignore', 'ignore_ament_install']
[5.987s] Level 1:colcon.colcon_core.package_identification:_identify(.) by extension 'ignore'
[5.987s] Level 1:colcon.colcon_core.package_identification:_identify(.) by extension 'ignore_ament_install'
[5.987s] Level 1:colcon.colcon_core.package_identification:_identify(.) by extensions ['colcon_pkg']
[5.987s] Level 1:colcon.colcon_core.package_identification:_identify(.) by extension 'colcon_pkg'
[5.987s] Level 1:colcon.colcon_core.package_identification:_identify(.) by extensions ['colcon_meta']
[5.987s] Level 1:colcon.colcon_core.package_identification:_identify(.) by extension 'colcon_meta'
[5.987s] Level 1:colcon.colcon_core.package_identification:_identify(.) by extensions ['ros']
[5.987s] Level 1:colcon.colcon_core.package_identification:_identify(.) by extension 'ros'
[6.014s] Level 1:colcon.colcon_core.package_identification:_identify(.) by extensions ['cmake', 'python']
[6.014s] Level 1:colcon.colcon_core.package_identification:_identify(.) by extension 'cmake'
[6.014s] Level 1:colcon.colcon_core.package_identification:_identify(.) by extension 'python'
[6.014s] Level 1:colcon.colcon_core.package_identification:_identify(.) by extensions ['python_setup_py']
[6.014s] Level 1:colcon.colcon_core.package_identification:_identify(.) by extension 'python_setup_py'
[6.015s] Level 1:colcon.colcon_core.package_identification:_identify(build) by extensions ['ignore', 'ignore_ament_install']
[6.015s] Level 1:colcon.colcon_core.package_identification:_identify(build) by extension 'ignore'
[6.015s] Level 1:colcon.colcon_core.package_identification:_identify(build) ignored
[6.016s] Level 1:colcon.colcon_core.package_identification:_identify(install) by extensions ['ignore', 'ignore_ament_install']
[6.016s] Level 1:colcon.colcon_core.package_identification:_identify(install) by extension 'ignore'
[6.016s] Level 1:colcon.colcon_core.package_identification:_identify(install) ignored
[6.016s] Level 1:colcon.colcon_core.package_identification:_identify(log) by extensions ['ignore', 'ignore_ament_install']
[6.016s] Level 1:colcon.colcon_core.package_identification:_identify(log) by extension 'ignore'
[6.016s] Level 1:colcon.colcon_core.package_identification:_identify(log) ignored
[6.017s] Level 1:colcon.colcon_core.package_identification:_identify(my_robot_controller) by extensions ['ignore', 'ignore_ament_install']
[6.017s] Level 1:colcon.colcon_core.package_identification:_identify(my_robot_controller) by extension 'ignore'
[6.017s] Level 1:colcon.colcon_core.package_identification:_identify(my_robot_controller) by extension 'ignore_ament_install'
[6.017s] Level 1:colcon.colcon_core.package_identification:_identify(my_robot_controller) by extensions ['colcon_pkg']
[6.017s] Level 1:colcon.colcon_core.package_identification:_identify(my_robot_controller) by extension 'colcon_pkg'
[6.017s] Level 1:colcon.colcon_core.package_identification:_identify(my_robot_controller) by extensions ['colcon_meta']
[6.018s] Level 1:colcon.colcon_core.package_identification:_identify(my_robot_controller) by extension 'colcon_meta'
[6.018s] Level 1:colcon.colcon_core.package_identification:_identify(my_robot_controller) by extensions ['ros']
[6.018s] Level 1:colcon.colcon_core.package_identification:_identify(my_robot_controller) by extension 'ros'
[6.022s] DEBUG:colcon.colcon_core.package_identification:Package 'my_robot_controller' with type 'ros.ament_python' and name 'my_robot_controller'
[6.023s] Level 1:colcon.colcon_core.package_identification:_identify(turtlebot_maze_solver) by extensions ['ignore', 'ignore_ament_install']
[6.023s] Level 1:colcon.colcon_core.package_identification:_identify(turtlebot_maze_solver) by extension 'ignore'
[6.023s] Level 1:colcon.colcon_core.package_identification:_identify(turtlebot_maze_solver) by extension 'ignore_ament_install'
[6.024s] Level 1:colcon.colcon_core.package_identification:_identify(turtlebot_maze_solver) by extensions ['colcon_pkg']
[6.024s] Level 1:colcon.colcon_core.package_identification:_identify(turtlebot_maze_solver) by extension 'colcon_pkg'
[6.024s] Level 1:colcon.colcon_core.package_identification:_identify(turtlebot_maze_solver) by extensions ['colcon_meta']
[6.024s] Level 1:colcon.colcon_core.package_identification:_identify(turtlebot_maze_solver) by extension 'colcon_meta'
[6.024s] Level 1:colcon.colcon_core.package_identification:_identify(turtlebot_maze_solver) by extensions ['ros']
[6.024s] Level 1:colcon.colcon_core.package_identification:_identify(turtlebot_maze_solver) by extension 'ros'
[6.025s] DEBUG:colcon.colcon_core.package_identification:Package 'turtlebot_maze_solver' with type 'ros.ament_python' and name 'turtlebot_maze_solver'
[6.025s] Level 1:colcon.colcon_core.package_discovery:discover_packages(recursive) using defaults
[6.026s] Level 1:colcon.colcon_core.package_discovery:discover_packages(ignore) discover
[6.026s] Level 1:colcon.colcon_core.package_discovery:discover_packages(ignore) using defaults
[6.026s] Level 1:colcon.colcon_core.package_discovery:discover_packages(path) discover
[6.026s] Level 1:colcon.colcon_core.package_discovery:discover_packages(path) using defaults
[6.090s] Level 1:colcon.colcon_core.package_discovery:discover_packages(prefix_path) check parameters
[6.090s] Level 1:colcon.colcon_core.package_discovery:discover_packages(prefix_path) discover
[6.093s] DEBUG:colcon.colcon_installed_package_information.package_discovery:Found 1 installed packages in /home/gnan/janu_ws/install
[6.096s] DEBUG:colcon.colcon_installed_package_information.package_discovery:Found 440 installed packages in /opt/ros/humble
[6.099s] Level 1:colcon.colcon_core.package_discovery:discover_packages(prefix_path) using defaults
[6.191s] Level 5:colcon.colcon_core.verb:set package 'my_robot_controller' build argument 'cmake_args' from command line to 'None'
[6.191s] Level 5:colcon.colcon_core.verb:set package 'my_robot_controller' build argument 'cmake_target' from command line to 'None'
[6.191s] Level 5:colcon.colcon_core.verb:set package 'my_robot_controller' build argument 'cmake_target_skip_unavailable' from command line to 'False'
[6.191s] Level 5:colcon.colcon_core.verb:set package 'my_robot_controller' build argument 'cmake_clean_cache' from command line to 'False'
[6.191s] Level 5:colcon.colcon_core.verb:set package 'my_robot_controller' build argument 'cmake_clean_first' from command line to 'False'
[6.191s] Level 5:colcon.colcon_core.verb:set package 'my_robot_controller' build argument 'cmake_force_configure' from command line to 'False'
[6.191s] Level 5:colcon.colcon_core.verb:set package 'my_robot_controller' build argument 'ament_cmake_args' from command line to 'None'
[6.191s] Level 5:colcon.colcon_core.verb:set package 'my_robot_controller' build argument 'catkin_cmake_args' from command line to 'None'
[6.191s] Level 5:colcon.colcon_core.verb:set package 'my_robot_controller' build argument 'catkin_skip_building_tests' from command line to 'False'
[6.191s] DEBUG:colcon.colcon_core.verb:Building package 'my_robot_controller' with the following arguments: {'ament_cmake_args': None, 'build_base': '/home/gnan/janu_ws/src/build/my_robot_controller', 'catkin_cmake_args': None, 'catkin_skip_building_tests': False, 'cmake_args': None, 'cmake_clean_cache': False, 'cmake_clean_first': False, 'cmake_force_configure': False, 'cmake_target': None, 'cmake_target_skip_unavailable': False, 'install_base': '/home/gnan/janu_ws/src/install/my_robot_controller', 'merge_install': False, 'path': '/home/gnan/janu_ws/src/my_robot_controller', 'symlink_install': True, 'test_result_base': None}
[6.192s] Level 5:colcon.colcon_core.verb:set package 'turtlebot_maze_solver' build argument 'cmake_args' from command line to 'None'
[6.192s] Level 5:colcon.colcon_core.verb:set package 'turtlebot_maze_solver' build argument 'cmake_target' from command line to 'None'
[6.192s] Level 5:colcon.colcon_core.verb:set package 'turtlebot_maze_solver' build argument 'cmake_target_skip_unavailable' from command line to 'False'
[6.192s] Level 5:colcon.colcon_core.verb:set package 'turtlebot_maze_solver' build argument 'cmake_clean_cache' from command line to 'False'
[6.192s] Level 5:colcon.colcon_core.verb:set package 'turtlebot_maze_solver' build argument 'cmake_clean_first' from command line to 'False'
[6.192s] Level 5:colcon.colcon_core.verb:set package 'turtlebot_maze_solver' build argument 'cmake_force_configure' from command line to 'False'
[6.192s] Level 5:colcon.colcon_core.verb:set package 'turtlebot_maze_solver' build argument 'ament_cmake_args' from command line to 'None'
[6.192s] Level 5:colcon.colcon_core.verb:set package 'turtlebot_maze_solver' build argument 'catkin_cmake_args' from command line to 'None'
[6.192s] Level 5:colcon.colcon_core.verb:set package 'turtlebot_maze_solver' build argument 'catkin_skip_building_tests' from command line to 'False'
[6.192s] DEBUG:colcon.colcon_core.verb:Building package 'turtlebot_maze_solver' with the following arguments: {'ament_cmake_args': None, 'build_base': '/home/gnan/janu_ws/src/build/turtlebot_maze_solver', 'catkin_cmake_args': None, 'catkin_skip_building_tests': False, 'cmake_args': None, 'cmake_clean_cache': False, 'cmake_clean_first': False, 'cmake_force_configure': False, 'cmake_target': None, 'cmake_target_skip_unavailable': False, 'install_base': '/home/gnan/janu_ws/src/install/turtlebot_maze_solver', 'merge_install': False, 'path': '/home/gnan/janu_ws/src/turtlebot_maze_solver', 'symlink_install': True, 'test_result_base': None}
[6.192s] INFO:colcon.colcon_core.executor:Executing jobs using 'parallel' executor
[6.195s] DEBUG:colcon.colcon_parallel_executor.executor.parallel:run_until_complete
[6.196s] INFO:colcon.colcon_ros.task.ament_python.build:Building ROS package in '/home/gnan/janu_ws/src/my_robot_controller' with build type 'ament_python'
[6.197s] Level 1:colcon.colcon_core.shell:create_environment_hook('my_robot_controller', 'ament_prefix_path')
[6.202s] INFO:colcon.colcon_core.plugin_system:Skipping extension 'colcon_core.shell.bat': Not used on non-Windows systems
[6.202s] INFO:colcon.colcon_core.shell:Creating environment hook '/home/gnan/janu_ws/src/install/my_robot_controller/share/my_robot_controller/hook/ament_prefix_path.ps1'
[6.204s] INFO:colcon.colcon_core.shell:Creating environment descriptor '/home/gnan/janu_ws/src/install/my_robot_controller/share/my_robot_controller/hook/ament_prefix_path.dsv'
[6.204s] INFO:colcon.colcon_core.shell:Creating environment hook '/home/gnan/janu_ws/src/install/my_robot_controller/share/my_robot_controller/hook/ament_prefix_path.sh'
[6.206s] INFO:colcon.colcon_core.shell:Skip shell extension 'powershell' for command environment: Not usable outside of PowerShell
[6.206s] DEBUG:colcon.colcon_core.shell:Skip shell extension 'dsv' for command environment
[6.214s] INFO:colcon.colcon_ros.task.ament_python.build:Building ROS package in '/home/gnan/janu_ws/src/turtlebot_maze_solver' with build type 'ament_python'
[6.214s] Level 1:colcon.colcon_core.shell:create_environment_hook('turtlebot_maze_solver', 'ament_prefix_path')
[6.215s] INFO:colcon.colcon_core.shell:Creating environment hook '/home/gnan/janu_ws/src/install/turtlebot_maze_solver/share/turtlebot_maze_solver/hook/ament_prefix_path.ps1'
[6.218s] INFO:colcon.colcon_core.shell:Creating environment descriptor '/home/gnan/janu_ws/src/install/turtlebot_maze_solver/share/turtlebot_maze_solver/hook/ament_prefix_path.dsv'
[6.219s] INFO:colcon.colcon_core.shell:Creating environment hook '/home/gnan/janu_ws/src/install/turtlebot_maze_solver/share/turtlebot_maze_solver/hook/ament_prefix_path.sh'
[6.220s] INFO:colcon.colcon_core.shell:Skip shell extension 'powershell' for command environment: Not usable outside of PowerShell
[6.220s] DEBUG:colcon.colcon_core.shell:Skip shell extension 'dsv' for command environment
[0.736s] INFO:colcon.colcon_core.task.python.build:Building Python package in '/home/gnan/janu_ws/src/my_robot_controller'
[0.736s] INFO:colcon.colcon_core.shell:Skip shell extension 'powershell' for command environment: Not usable outside of PowerShell
[0.736s] DEBUG:colcon.colcon_core.shell:Skip shell extension 'dsv' for command environment
[1.136s] INFO:colcon.colcon_core.task.python.build:Building Python package in '/home/gnan/janu_ws/src/turtlebot_maze_solver'
[1.137s] INFO:colcon.colcon_core.shell:Skip shell extension 'powershell' for command environment: Not usable outside of PowerShell
[1.137s] DEBUG:colcon.colcon_core.shell:Skip shell extension 'dsv' for command environment
[1.714s] DEBUG:colcon.colcon_core.task.python.build:While undoing a previous installation files outside the Python library path are being ignored: /home/gnan/janu_ws/src/install/my_robot_controller/share/ament_index/resource_index/packages/my_robot_controller
[1.714s] DEBUG:colcon.colcon_core.task.python.build:While undoing a previous installation files outside the Python library path are being ignored: /home/gnan/janu_ws/src/install/my_robot_controller/share/my_robot_controller/package.xml
[1.715s] DEBUG:colcon.colcon_core.task.python.build:While undoing a previous installation files outside the Python library path are being ignored: /home/gnan/janu_ws/src/install/my_robot_controller/lib/my_robot_controller/draw_circle
[1.715s] DEBUG:colcon.colcon_core.task.python.build:While undoing a previous installation files outside the Python library path are being ignored: /home/gnan/janu_ws/src/install/my_robot_controller/lib/my_robot_controller/pose_subscriber
[1.715s] DEBUG:colcon.colcon_core.task.python.build:While undoing a previous installation files outside the Python library path are being ignored: /home/gnan/janu_ws/src/install/my_robot_controller/lib/my_robot_controller/test_node
[1.715s] DEBUG:colcon.colcon_core.task.python.build:While undoing a previous installation files outside the Python library path are being ignored: /home/gnan/janu_ws/src/install/my_robot_controller/lib/my_robot_controller/turtle_controller
[1.726s] DEBUG:colcon.colcon_core.event_handler.log_command:Invoking command in '/home/gnan/janu_ws/src/build/my_robot_controller': PYTHONPATH=/home/gnan/janu_ws/src/build/my_robot_controller/prefix_override:/usr/lib/python3/dist-packages/colcon_core/task/python/colcon_distutils_commands:/home/gnan/janu_ws/src/install/my_robot_controller/lib/python3.10/site-packages:${PYTHONPATH} /usr/bin/python3 -W ignore:setup.py install is deprecated -W ignore:easy_install command is deprecated setup.py develop --editable --build-directory /home/gnan/janu_ws/src/build/my_robot_controller/build --no-deps symlink_data --force
[1.750s] DEBUG:colcon.colcon_core.event_handler.log_command:Invoking command in '/home/gnan/janu_ws/src/build/turtlebot_maze_solver': PYTHONPATH=/home/gnan/janu_ws/src/build/turtlebot_maze_solver/prefix_override:/usr/lib/python3/dist-packages/colcon_core/task/python/colcon_distutils_commands:/home/gnan/janu_ws/src/install/turtlebot_maze_solver/lib/python3.10/site-packages:${PYTHONPATH} /usr/bin/python3 -W ignore:setup.py install is deprecated -W ignore:easy_install command is deprecated setup.py develop --editable --build-directory /home/gnan/janu_ws/src/build/turtlebot_maze_solver/build --no-deps symlink_data
[2.383s] DEBUG:colcon.colcon_core.event_handler.log_command:Invoked command in '/home/gnan/janu_ws/src/build/turtlebot_maze_solver' returned '1': PYTHONPATH=/home/gnan/janu_ws/src/build/turtlebot_maze_solver/prefix_override:/usr/lib/python3/dist-packages/colcon_core/task/python/colcon_distutils_commands:/home/gnan/janu_ws/src/install/turtlebot_maze_solver/lib/python3.10/site-packages:${PYTHONPATH} /usr/bin/python3 -W ignore:setup.py install is deprecated -W ignore:easy_install command is deprecated setup.py develop --editable --build-directory /home/gnan/janu_ws/src/build/turtlebot_maze_solver/build --no-deps symlink_data
[2.394s] DEBUG:colcon.colcon_parallel_executor.executor.parallel:closing loop
[2.396s] DEBUG:colcon.colcon_parallel_executor.executor.parallel:loop closed
[2.396s] DEBUG:colcon.colcon_parallel_executor.executor.parallel:run_until_complete finished with '1'
[2.396s] DEBUG:colcon.colcon_core.event_reactor:joining thread
[2.440s] INFO:colcon.colcon_core.plugin_system:Skipping extension 'colcon_notification.desktop_notification.notify_send': Could not find 'notify-send'
[2.441s] INFO:colcon.colcon_core.plugin_system:Skipping extension 'colcon_notification.desktop_notification.terminal_notifier': Not used on non-Darwin systems
[2.441s] INFO:colcon.colcon_core.plugin_system:Skipping extension 'colcon_notification.desktop_notification.win32': Not used on non-Windows systems
[2.441s] INFO:colcon.colcon_notification.desktop_notification:Sending desktop notification using 'notify2'
[2.443s] DEBUG:colcon.colcon_notification.desktop_notification.notify2:Failed to initialize notify2: org.freedesktop.DBus.Error.ServiceUnknown: The name org.freedesktop.Notifications was not provided by any .service files
[2.443s] DEBUG:colcon.colcon_core.event_reactor:joined thread
[2.444s] INFO:colcon.colcon_core.shell:Creating prefix script '/home/gnan/janu_ws/src/install/local_setup.ps1'
[2.445s] INFO:colcon.colcon_core.shell:Creating prefix util module '/home/gnan/janu_ws/src/install/_local_setup_util_ps1.py'
[2.446s] INFO:colcon.colcon_core.shell:Creating prefix chain script '/home/gnan/janu_ws/src/install/setup.ps1'
[2.447s] INFO:colcon.colcon_core.shell:Creating prefix script '/home/gnan/janu_ws/src/install/local_setup.sh'
[2.448s] INFO:colcon.colcon_core.shell:Creating prefix util module '/home/gnan/janu_ws/src/install/_local_setup_util_sh.py'
[2.449s] INFO:colcon.colcon_core.shell:Creating prefix chain script '/home/gnan/janu_ws/src/install/setup.sh'
[2.450s] INFO:colcon.colcon_core.shell:Creating prefix script '/home/gnan/janu_ws/src/install/local_setup.bash'
[2.451s] INFO:colcon.colcon_core.shell:Creating prefix chain script '/home/gnan/janu_ws/src/install/setup.bash'
[2.452s] INFO:colcon.colcon_core.shell:Creating prefix script '/home/gnan/janu_ws/src/install/local_setup.zsh'
[2.453s] INFO:colcon.colcon_core.shell:Creating prefix chain script '/home/gnan/janu_ws/src/install/setup.zsh'
