[1.464s] Invoking command in '/home/gnan/janu_ws/src/build/my_robot_controller': PYTHONPATH=/home/gnan/janu_ws/src/build/my_robot_controller/prefix_override:/usr/lib/python3/dist-packages/colcon_core/task/python/colcon_distutils_commands:/home/gnan/janu_ws/src/install/my_robot_controller/lib/python3.10/site-packages:${PYTHONPATH} /usr/bin/python3 -W ignore:setup.py install is deprecated -W ignore:easy_install command is deprecated setup.py develop --editable --build-directory /home/gnan/janu_ws/src/build/my_robot_controller/build --no-deps symlink_data --force
[1.870s] running develop
[2.069s] running egg_info
[2.070s] writing my_robot_controller.egg-info/PKG-INFO
[2.070s] writing dependency_links to my_robot_controller.egg-info/dependency_links.txt
[2.070s] writing entry points to my_robot_controller.egg-info/entry_points.txt
[2.071s] writing requirements to my_robot_controller.egg-info/requires.txt
[2.071s] writing top-level names to my_robot_controller.egg-info/top_level.txt
[2.073s] reading manifest file 'my_robot_controller.egg-info/SOURCES.txt'
[2.075s] writing manifest file 'my_robot_controller.egg-info/SOURCES.txt'
[2.077s] running build_ext
[2.078s] Creating /home/gnan/janu_ws/src/install/my_robot_controller/lib/python3.10/site-packages/my-robot-controller.egg-link (link to .)
[2.078s] Installing draw_circle script to /home/gnan/janu_ws/src/install/my_robot_controller/lib/my_robot_controller
[2.079s] Installing pose_subscriber script to /home/gnan/janu_ws/src/install/my_robot_controller/lib/my_robot_controller
[2.079s] Installing test_node script to /home/gnan/janu_ws/src/install/my_robot_controller/lib/my_robot_controller
[2.079s] Installing turtle_controller script to /home/gnan/janu_ws/src/install/my_robot_controller/lib/my_robot_controller
[2.080s] 
[2.080s] Installed /home/gnan/janu_ws/src/build/my_robot_controller
[2.080s] running symlink_data
[2.080s] symbolically linking /home/gnan/janu_ws/src/build/my_robot_controller/resource/my_robot_controller -> /home/gnan/janu_ws/src/install/my_robot_controller/share/ament_index/resource_index/packages
[2.081s] symbolically linking /home/gnan/janu_ws/src/build/my_robot_controller/package.xml -> /home/gnan/janu_ws/src/install/my_robot_controller/share/my_robot_controller
