[-5.286s] DEBUG:colcon:Command line arguments: ['/usr/bin/colcon', 'build']
[-5.286s] DEBUG:colcon:Parsed command line arguments: Namespace(log_base=None, log_level=None, verb_name='build', build_base='build', install_base='install', merge_install=False, symlink_install=False, test_result_base=None, continue_on_error=False, executor='parallel', parallel_workers=12, event_handlers=None, ignore_user_meta=False, metas=['./colcon.meta'], base_paths=['.'], packages_ignore=None, packages_ignore_regex=None, paths=None, packages_up_to=None, packages_up_to_regex=None, packages_above=None, packages_above_and_dependencies=None, packages_above_depth=None, packages_select_by_dep=None, packages_skip_by_dep=None, packages_skip_up_to=None, packages_select_build_failed=False, packages_skip_build_finished=False, packages_select_test_failures=False, packages_skip_test_passed=False, packages_select=None, packages_skip=None, packages_select_regex=None, packages_skip_regex=None, packages_start=None, packages_end=None, allow_overriding=[], cmake_args=None, cmake_target=None, cmake_target_skip_unavailable=False, cmake_clean_cache=False, cmake_clean_first=False, cmake_force_configure=False, ament_cmake_args=None, catkin_cmake_args=None, catkin_skip_building_tests=False, verb_parser=<colcon_defaults.argument_parser.defaults.DefaultArgumentsDecorator object at 0x797ba61dcaf0>, verb_extension=<colcon_core.verb.build.BuildVerb object at 0x797ba6361ed0>, main=<bound method BuildVerb.main of <colcon_core.verb.build.BuildVerb object at 0x797ba6361ed0>>)
[-4.469s] Level 1:colcon.colcon_core.package_discovery:discover_packages(colcon_meta) check parameters
[-4.469s] Level 1:colcon.colcon_core.package_discovery:discover_packages(recursive) check parameters
[-4.469s] Level 1:colcon.colcon_core.package_discovery:discover_packages(ignore) check parameters
[-4.469s] Level 1:colcon.colcon_core.package_discovery:discover_packages(path) check parameters
[-4.469s] Level 1:colcon.colcon_core.package_discovery:discover_packages(colcon_meta) discover
[-4.469s] Level 1:colcon.colcon_core.package_discovery:discover_packages(recursive) discover
[-4.469s] INFO:colcon.colcon_core.package_discovery:Crawling recursively for packages in '/home/gnan/janu_ws/src'
[-4.469s] Level 1:colcon.colcon_core.package_identification:_identify(.) by extensions ['ignore', 'ignore_ament_install']
[-4.468s] Level 1:colcon.colcon_core.package_identification:_identify(.) by extension 'ignore'
[-4.468s] Level 1:colcon.colcon_core.package_identification:_identify(.) by extension 'ignore_ament_install'
[-4.468s] Level 1:colcon.colcon_core.package_identification:_identify(.) by extensions ['colcon_pkg']
[-4.468s] Level 1:colcon.colcon_core.package_identification:_identify(.) by extension 'colcon_pkg'
[-4.468s] Level 1:colcon.colcon_core.package_identification:_identify(.) by extensions ['colcon_meta']
[-4.468s] Level 1:colcon.colcon_core.package_identification:_identify(.) by extension 'colcon_meta'
[-4.468s] Level 1:colcon.colcon_core.package_identification:_identify(.) by extensions ['ros']
[-4.468s] Level 1:colcon.colcon_core.package_identification:_identify(.) by extension 'ros'
[-4.449s] Level 1:colcon.colcon_core.package_identification:_identify(.) by extensions ['cmake', 'python']
[-4.449s] Level 1:colcon.colcon_core.package_identification:_identify(.) by extension 'cmake'
[-4.449s] Level 1:colcon.colcon_core.package_identification:_identify(.) by extension 'python'
[-4.449s] Level 1:colcon.colcon_core.package_identification:_identify(.) by extensions ['python_setup_py']
[-4.449s] Level 1:colcon.colcon_core.package_identification:_identify(.) by extension 'python_setup_py'
[-4.448s] Level 1:colcon.colcon_core.package_identification:_identify(build) by extensions ['ignore', 'ignore_ament_install']
[-4.448s] Level 1:colcon.colcon_core.package_identification:_identify(build) by extension 'ignore'
[-4.448s] Level 1:colcon.colcon_core.package_identification:_identify(build) ignored
[-4.448s] Level 1:colcon.colcon_core.package_identification:_identify(install) by extensions ['ignore', 'ignore_ament_install']
[-4.448s] Level 1:colcon.colcon_core.package_identification:_identify(install) by extension 'ignore'
[-4.448s] Level 1:colcon.colcon_core.package_identification:_identify(install) ignored
[-4.448s] Level 1:colcon.colcon_core.package_identification:_identify(log) by extensions ['ignore', 'ignore_ament_install']
[-4.448s] Level 1:colcon.colcon_core.package_identification:_identify(log) by extension 'ignore'
[-4.448s] Level 1:colcon.colcon_core.package_identification:_identify(log) ignored
[-4.447s] Level 1:colcon.colcon_core.package_identification:_identify(my_robot_controller) by extensions ['ignore', 'ignore_ament_install']
[-4.447s] Level 1:colcon.colcon_core.package_identification:_identify(my_robot_controller) by extension 'ignore'
[-4.447s] Level 1:colcon.colcon_core.package_identification:_identify(my_robot_controller) by extension 'ignore_ament_install'
[-4.447s] Level 1:colcon.colcon_core.package_identification:_identify(my_robot_controller) by extensions ['colcon_pkg']
[-4.447s] Level 1:colcon.colcon_core.package_identification:_identify(my_robot_controller) by extension 'colcon_pkg'
[-4.447s] Level 1:colcon.colcon_core.package_identification:_identify(my_robot_controller) by extensions ['colcon_meta']
[-4.447s] Level 1:colcon.colcon_core.package_identification:_identify(my_robot_controller) by extension 'colcon_meta'
[-4.447s] Level 1:colcon.colcon_core.package_identification:_identify(my_robot_controller) by extensions ['ros']
[-4.447s] Level 1:colcon.colcon_core.package_identification:_identify(my_robot_controller) by extension 'ros'
[-4.443s] DEBUG:colcon.colcon_core.package_identification:Package 'my_robot_controller' with type 'ros.ament_python' and name 'my_robot_controller'
[-4.443s] Level 1:colcon.colcon_core.package_identification:_identify(turtlebot_maze_solver) by extensions ['ignore', 'ignore_ament_install']
[-4.443s] Level 1:colcon.colcon_core.package_identification:_identify(turtlebot_maze_solver) by extension 'ignore'
[-4.443s] Level 1:colcon.colcon_core.package_identification:_identify(turtlebot_maze_solver) by extension 'ignore_ament_install'
[-4.443s] Level 1:colcon.colcon_core.package_identification:_identify(turtlebot_maze_solver) by extensions ['colcon_pkg']
[-4.443s] Level 1:colcon.colcon_core.package_identification:_identify(turtlebot_maze_solver) by extension 'colcon_pkg'
[-4.443s] Level 1:colcon.colcon_core.package_identification:_identify(turtlebot_maze_solver) by extensions ['colcon_meta']
[-4.443s] Level 1:colcon.colcon_core.package_identification:_identify(turtlebot_maze_solver) by extension 'colcon_meta'
[-4.443s] Level 1:colcon.colcon_core.package_identification:_identify(turtlebot_maze_solver) by extensions ['ros']
[-4.443s] Level 1:colcon.colcon_core.package_identification:_identify(turtlebot_maze_solver) by extension 'ros'
[-4.442s] DEBUG:colcon.colcon_core.package_identification:Package 'turtlebot_maze_solver' with type 'ros.ament_cmake' and name 'turtlebot_maze_solver'
[-4.442s] Level 1:colcon.colcon_core.package_discovery:discover_packages(recursive) using defaults
[-4.442s] Level 1:colcon.colcon_core.package_discovery:discover_packages(ignore) discover
[-4.442s] Level 1:colcon.colcon_core.package_discovery:discover_packages(ignore) using defaults
[-4.442s] Level 1:colcon.colcon_core.package_discovery:discover_packages(path) discover
[-4.442s] Level 1:colcon.colcon_core.package_discovery:discover_packages(path) using defaults
[-4.381s] Level 1:colcon.colcon_core.package_discovery:discover_packages(prefix_path) check parameters
[-4.381s] Level 1:colcon.colcon_core.package_discovery:discover_packages(prefix_path) discover
[-4.373s] DEBUG:colcon.colcon_installed_package_information.package_discovery:Found 1 installed packages in /home/gnan/janu_ws/install
[-4.370s] DEBUG:colcon.colcon_installed_package_information.package_discovery:Found 440 installed packages in /opt/ros/humble
[-4.367s] Level 1:colcon.colcon_core.package_discovery:discover_packages(prefix_path) using defaults
[-4.292s] Level 5:colcon.colcon_core.verb:set package 'my_robot_controller' build argument 'cmake_args' from command line to 'None'
[-4.291s] Level 5:colcon.colcon_core.verb:set package 'my_robot_controller' build argument 'cmake_target' from command line to 'None'
[-4.291s] Level 5:colcon.colcon_core.verb:set package 'my_robot_controller' build argument 'cmake_target_skip_unavailable' from command line to 'False'
[-4.291s] Level 5:colcon.colcon_core.verb:set package 'my_robot_controller' build argument 'cmake_clean_cache' from command line to 'False'
[-4.291s] Level 5:colcon.colcon_core.verb:set package 'my_robot_controller' build argument 'cmake_clean_first' from command line to 'False'
[-4.291s] Level 5:colcon.colcon_core.verb:set package 'my_robot_controller' build argument 'cmake_force_configure' from command line to 'False'
[-4.291s] Level 5:colcon.colcon_core.verb:set package 'my_robot_controller' build argument 'ament_cmake_args' from command line to 'None'
[-4.291s] Level 5:colcon.colcon_core.verb:set package 'my_robot_controller' build argument 'catkin_cmake_args' from command line to 'None'
[-4.291s] Level 5:colcon.colcon_core.verb:set package 'my_robot_controller' build argument 'catkin_skip_building_tests' from command line to 'False'
[-4.291s] DEBUG:colcon.colcon_core.verb:Building package 'my_robot_controller' with the following arguments: {'ament_cmake_args': None, 'build_base': '/home/gnan/janu_ws/src/build/my_robot_controller', 'catkin_cmake_args': None, 'catkin_skip_building_tests': False, 'cmake_args': None, 'cmake_clean_cache': False, 'cmake_clean_first': False, 'cmake_force_configure': False, 'cmake_target': None, 'cmake_target_skip_unavailable': False, 'install_base': '/home/gnan/janu_ws/src/install/my_robot_controller', 'merge_install': False, 'path': '/home/gnan/janu_ws/src/my_robot_controller', 'symlink_install': False, 'test_result_base': None}
[-4.291s] Level 5:colcon.colcon_core.verb:set package 'turtlebot_maze_solver' build argument 'cmake_args' from command line to 'None'
[-4.291s] Level 5:colcon.colcon_core.verb:set package 'turtlebot_maze_solver' build argument 'cmake_target' from command line to 'None'
[-4.291s] Level 5:colcon.colcon_core.verb:set package 'turtlebot_maze_solver' build argument 'cmake_target_skip_unavailable' from command line to 'False'
[-4.291s] Level 5:colcon.colcon_core.verb:set package 'turtlebot_maze_solver' build argument 'cmake_clean_cache' from command line to 'False'
[-4.291s] Level 5:colcon.colcon_core.verb:set package 'turtlebot_maze_solver' build argument 'cmake_clean_first' from command line to 'False'
[-4.291s] Level 5:colcon.colcon_core.verb:set package 'turtlebot_maze_solver' build argument 'cmake_force_configure' from command line to 'False'
[-4.291s] Level 5:colcon.colcon_core.verb:set package 'turtlebot_maze_solver' build argument 'ament_cmake_args' from command line to 'None'
[-4.291s] Level 5:colcon.colcon_core.verb:set package 'turtlebot_maze_solver' build argument 'catkin_cmake_args' from command line to 'None'
[-4.291s] Level 5:colcon.colcon_core.verb:set package 'turtlebot_maze_solver' build argument 'catkin_skip_building_tests' from command line to 'False'
[-4.291s] DEBUG:colcon.colcon_core.verb:Building package 'turtlebot_maze_solver' with the following arguments: {'ament_cmake_args': None, 'build_base': '/home/gnan/janu_ws/src/build/turtlebot_maze_solver', 'catkin_cmake_args': None, 'catkin_skip_building_tests': False, 'cmake_args': None, 'cmake_clean_cache': False, 'cmake_clean_first': False, 'cmake_force_configure': False, 'cmake_target': None, 'cmake_target_skip_unavailable': False, 'install_base': '/home/gnan/janu_ws/src/install/turtlebot_maze_solver', 'merge_install': False, 'path': '/home/gnan/janu_ws/src/turtlebot_maze_solver', 'symlink_install': False, 'test_result_base': None}
[-4.290s] INFO:colcon.colcon_core.executor:Executing jobs using 'parallel' executor
[-4.289s] DEBUG:colcon.colcon_parallel_executor.executor.parallel:run_until_complete
[-4.288s] INFO:colcon.colcon_ros.task.ament_python.build:Building ROS package in '/home/gnan/janu_ws/src/my_robot_controller' with build type 'ament_python'
[-4.288s] Level 1:colcon.colcon_core.shell:create_environment_hook('my_robot_controller', 'ament_prefix_path')
[-4.259s] INFO:colcon.colcon_core.plugin_system:Skipping extension 'colcon_core.shell.bat': Not used on non-Windows systems
[-4.258s] INFO:colcon.colcon_core.shell:Creating environment hook '/home/gnan/janu_ws/src/install/my_robot_controller/share/my_robot_controller/hook/ament_prefix_path.ps1'
[-4.254s] INFO:colcon.colcon_core.shell:Creating environment descriptor '/home/gnan/janu_ws/src/install/my_robot_controller/share/my_robot_controller/hook/ament_prefix_path.dsv'
[-4.252s] INFO:colcon.colcon_core.shell:Creating environment hook '/home/gnan/janu_ws/src/install/my_robot_controller/share/my_robot_controller/hook/ament_prefix_path.sh'
[-4.251s] INFO:colcon.colcon_core.shell:Skip shell extension 'powershell' for command environment: Not usable outside of PowerShell
[-4.251s] DEBUG:colcon.colcon_core.shell:Skip shell extension 'dsv' for command environment
[-4.243s] INFO:colcon.colcon_ros.task.ament_cmake.build:Building ROS package in '/home/gnan/janu_ws/src/turtlebot_maze_solver' with build type 'ament_cmake'
[-4.242s] INFO:colcon.colcon_cmake.task.cmake.build:Building CMake package in '/home/gnan/janu_ws/src/turtlebot_maze_solver'
[-4.242s] INFO:colcon.colcon_core.shell:Skip shell extension 'powershell' for command environment: Not usable outside of PowerShell
[-4.242s] DEBUG:colcon.colcon_core.shell:Skip shell extension 'dsv' for command environment
[-3.780s] INFO:colcon.colcon_core.task.python.build:Building Python package in '/home/gnan/janu_ws/src/my_robot_controller'
[-3.780s] INFO:colcon.colcon_core.shell:Skip shell extension 'powershell' for command environment: Not usable outside of PowerShell
[-3.779s] DEBUG:colcon.colcon_core.shell:Skip shell extension 'dsv' for command environment
[-3.724s] DEBUG:colcon.colcon_core.event_handler.log_command:Invoking command in '/home/gnan/janu_ws/src/build/turtlebot_maze_solver': CMAKE_PREFIX_PATH=/home/gnan/janu_ws/install/my_robot_controller:/opt/ros/humble /usr/bin/cmake /home/gnan/janu_ws/src/turtlebot_maze_solver -DCMAKE_INSTALL_PREFIX=/home/gnan/janu_ws/src/install/turtlebot_maze_solver
[-2.736s] DEBUG:colcon.colcon_core.event_handler.log_command:Invoking command in '/home/gnan/janu_ws/src/my_robot_controller': PYTHONPATH=/home/gnan/janu_ws/src/build/my_robot_controller/prefix_override:/usr/lib/python3/dist-packages/colcon_core/task/python/colcon_distutils_commands:/home/gnan/janu_ws/src/install/my_robot_controller/lib/python3.10/site-packages:${PYTHONPATH} /usr/bin/python3 -W ignore:setup.py install is deprecated -W ignore:easy_install command is deprecated setup.py egg_info --egg-base ../build/my_robot_controller build --build-base /home/gnan/janu_ws/src/build/my_robot_controller/build install --record /home/gnan/janu_ws/src/build/my_robot_controller/install.log --single-version-externally-managed install_data
[-2.266s] DEBUG:colcon.colcon_core.event_handler.log_command:Invoked command in '/home/gnan/janu_ws/src/my_robot_controller' returned '0': PYTHONPATH=/home/gnan/janu_ws/src/build/my_robot_controller/prefix_override:/usr/lib/python3/dist-packages/colcon_core/task/python/colcon_distutils_commands:/home/gnan/janu_ws/src/install/my_robot_controller/lib/python3.10/site-packages:${PYTHONPATH} /usr/bin/python3 -W ignore:setup.py install is deprecated -W ignore:easy_install command is deprecated setup.py egg_info --egg-base ../build/my_robot_controller build --build-base /home/gnan/janu_ws/src/build/my_robot_controller/build install --record /home/gnan/janu_ws/src/build/my_robot_controller/install.log --single-version-externally-managed install_data
[-2.251s] Level 1:colcon.colcon_core.environment:checking '/home/gnan/janu_ws/src/install/my_robot_controller' for CMake module files
[-2.250s] Level 1:colcon.colcon_core.environment:checking '/home/gnan/janu_ws/src/install/my_robot_controller' for CMake config files
[-2.249s] Level 1:colcon.colcon_core.environment:checking '/home/gnan/janu_ws/src/install/my_robot_controller/lib'
[-2.249s] Level 1:colcon.colcon_core.environment:checking '/home/gnan/janu_ws/src/install/my_robot_controller/bin'
[-2.249s] Level 1:colcon.colcon_core.environment:checking '/home/gnan/janu_ws/src/install/my_robot_controller/lib/pkgconfig/my_robot_controller.pc'
[-2.249s] Level 1:colcon.colcon_core.environment:checking '/home/gnan/janu_ws/src/install/my_robot_controller/lib/python3.10/site-packages'
[-2.249s] Level 1:colcon.colcon_core.shell:create_environment_hook('my_robot_controller', 'pythonpath')
[-2.248s] INFO:colcon.colcon_core.shell:Creating environment hook '/home/gnan/janu_ws/src/install/my_robot_controller/share/my_robot_controller/hook/pythonpath.ps1'
[-2.248s] INFO:colcon.colcon_core.shell:Creating environment descriptor '/home/gnan/janu_ws/src/install/my_robot_controller/share/my_robot_controller/hook/pythonpath.dsv'
[-2.248s] INFO:colcon.colcon_core.shell:Creating environment hook '/home/gnan/janu_ws/src/install/my_robot_controller/share/my_robot_controller/hook/pythonpath.sh'
[-2.247s] Level 1:colcon.colcon_core.environment:checking '/home/gnan/janu_ws/src/install/my_robot_controller/bin'
[-2.247s] Level 1:colcon.colcon_core.environment:create_environment_scripts_only(my_robot_controller)
[-2.247s] INFO:colcon.colcon_core.shell:Creating package script '/home/gnan/janu_ws/src/install/my_robot_controller/share/my_robot_controller/package.ps1'
[-2.244s] INFO:colcon.colcon_core.shell:Creating package descriptor '/home/gnan/janu_ws/src/install/my_robot_controller/share/my_robot_controller/package.dsv'
[-2.243s] INFO:colcon.colcon_core.shell:Creating package script '/home/gnan/janu_ws/src/install/my_robot_controller/share/my_robot_controller/package.sh'
[-2.242s] INFO:colcon.colcon_core.shell:Creating package script '/home/gnan/janu_ws/src/install/my_robot_controller/share/my_robot_controller/package.bash'
[-2.240s] INFO:colcon.colcon_core.shell:Creating package script '/home/gnan/janu_ws/src/install/my_robot_controller/share/my_robot_controller/package.zsh'
[-2.239s] Level 1:colcon.colcon_core.environment:create_file_with_runtime_dependencies(/home/gnan/janu_ws/src/install/my_robot_controller/share/colcon-core/packages/my_robot_controller)
[-0.622s] DEBUG:colcon.colcon_core.event_handler.log_command:Invoked command in '/home/gnan/janu_ws/src/build/turtlebot_maze_solver' returned '0': CMAKE_PREFIX_PATH=/home/gnan/janu_ws/install/my_robot_controller:/opt/ros/humble /usr/bin/cmake /home/gnan/janu_ws/src/turtlebot_maze_solver -DCMAKE_INSTALL_PREFIX=/home/gnan/janu_ws/src/install/turtlebot_maze_solver
[-0.619s] DEBUG:colcon.colcon_core.event_handler.log_command:Invoking command in '/home/gnan/janu_ws/src/build/turtlebot_maze_solver': CMAKE_PREFIX_PATH=/home/gnan/janu_ws/install/my_robot_controller:/opt/ros/humble /usr/bin/cmake --build /home/gnan/janu_ws/src/build/turtlebot_maze_solver -- -j12 -l12
[-0.550s] DEBUG:colcon.colcon_core.event_handler.log_command:Invoked command in '/home/gnan/janu_ws/src/build/turtlebot_maze_solver' returned '0': CMAKE_PREFIX_PATH=/home/gnan/janu_ws/install/my_robot_controller:/opt/ros/humble /usr/bin/cmake --build /home/gnan/janu_ws/src/build/turtlebot_maze_solver -- -j12 -l12
[-0.533s] DEBUG:colcon.colcon_core.event_handler.log_command:Invoking command in '/home/gnan/janu_ws/src/build/turtlebot_maze_solver': CMAKE_PREFIX_PATH=/home/gnan/janu_ws/install/my_robot_controller:/opt/ros/humble /usr/bin/cmake --install /home/gnan/janu_ws/src/build/turtlebot_maze_solver
[-0.508s] Level 1:colcon.colcon_core.environment:create_environment_scripts_only(turtlebot_maze_solver)
[-0.507s] Level 1:colcon.colcon_core.environment:checking '/home/gnan/janu_ws/src/install/turtlebot_maze_solver' for CMake module files
[-0.506s] DEBUG:colcon.colcon_core.event_handler.log_command:Invoked command in '/home/gnan/janu_ws/src/build/turtlebot_maze_solver' returned '0': CMAKE_PREFIX_PATH=/home/gnan/janu_ws/install/my_robot_controller:/opt/ros/humble /usr/bin/cmake --install /home/gnan/janu_ws/src/build/turtlebot_maze_solver
[-0.505s] Level 1:colcon.colcon_core.environment:checking '/home/gnan/janu_ws/src/install/turtlebot_maze_solver' for CMake config files
[-0.505s] Level 1:colcon.colcon_core.shell:create_environment_hook('turtlebot_maze_solver', 'cmake_prefix_path')
[-0.505s] INFO:colcon.colcon_core.shell:Creating environment hook '/home/gnan/janu_ws/src/install/turtlebot_maze_solver/share/turtlebot_maze_solver/hook/cmake_prefix_path.ps1'
[-0.503s] INFO:colcon.colcon_core.shell:Creating environment descriptor '/home/gnan/janu_ws/src/install/turtlebot_maze_solver/share/turtlebot_maze_solver/hook/cmake_prefix_path.dsv'
[-0.503s] INFO:colcon.colcon_core.shell:Creating environment hook '/home/gnan/janu_ws/src/install/turtlebot_maze_solver/share/turtlebot_maze_solver/hook/cmake_prefix_path.sh'
[-0.502s] Level 1:colcon.colcon_core.environment:checking '/home/gnan/janu_ws/src/install/turtlebot_maze_solver/bin'
[-0.502s] Level 1:colcon.colcon_core.environment:checking '/home/gnan/janu_ws/src/install/turtlebot_maze_solver/lib/pkgconfig/turtlebot_maze_solver.pc'
[-0.502s] Level 1:colcon.colcon_core.environment:checking '/home/gnan/janu_ws/src/install/turtlebot_maze_solver/lib/python3.10/site-packages'
[-0.501s] Level 1:colcon.colcon_core.environment:checking '/home/gnan/janu_ws/src/install/turtlebot_maze_solver/bin'
[-0.501s] INFO:colcon.colcon_core.shell:Creating package script '/home/gnan/janu_ws/src/install/turtlebot_maze_solver/share/turtlebot_maze_solver/package.ps1'
[-0.501s] INFO:colcon.colcon_core.shell:Creating package descriptor '/home/gnan/janu_ws/src/install/turtlebot_maze_solver/share/turtlebot_maze_solver/package.dsv'
[-0.500s] INFO:colcon.colcon_core.shell:Creating package script '/home/gnan/janu_ws/src/install/turtlebot_maze_solver/share/turtlebot_maze_solver/package.sh'
[-0.499s] INFO:colcon.colcon_core.shell:Creating package script '/home/gnan/janu_ws/src/install/turtlebot_maze_solver/share/turtlebot_maze_solver/package.bash'
[-0.498s] INFO:colcon.colcon_core.shell:Creating package script '/home/gnan/janu_ws/src/install/turtlebot_maze_solver/share/turtlebot_maze_solver/package.zsh'
[-0.498s] Level 1:colcon.colcon_core.environment:create_file_with_runtime_dependencies(/home/gnan/janu_ws/src/install/turtlebot_maze_solver/share/colcon-core/packages/turtlebot_maze_solver)
[-0.495s] Level 1:colcon.colcon_core.environment:create_environment_scripts_only(turtlebot_maze_solver)
[-0.494s] Level 1:colcon.colcon_core.environment:checking '/home/gnan/janu_ws/src/install/turtlebot_maze_solver' for CMake module files
[-0.494s] Level 1:colcon.colcon_core.environment:checking '/home/gnan/janu_ws/src/install/turtlebot_maze_solver' for CMake config files
[-0.494s] Level 1:colcon.colcon_core.shell:create_environment_hook('turtlebot_maze_solver', 'cmake_prefix_path')
[-0.493s] INFO:colcon.colcon_core.shell:Creating environment hook '/home/gnan/janu_ws/src/install/turtlebot_maze_solver/share/turtlebot_maze_solver/hook/cmake_prefix_path.ps1'
[-0.493s] INFO:colcon.colcon_core.shell:Creating environment descriptor '/home/gnan/janu_ws/src/install/turtlebot_maze_solver/share/turtlebot_maze_solver/hook/cmake_prefix_path.dsv'
[-0.492s] INFO:colcon.colcon_core.shell:Creating environment hook '/home/gnan/janu_ws/src/install/turtlebot_maze_solver/share/turtlebot_maze_solver/hook/cmake_prefix_path.sh'
[-0.491s] Level 1:colcon.colcon_core.environment:checking '/home/gnan/janu_ws/src/install/turtlebot_maze_solver/bin'
[-0.491s] Level 1:colcon.colcon_core.environment:checking '/home/gnan/janu_ws/src/install/turtlebot_maze_solver/lib/pkgconfig/turtlebot_maze_solver.pc'
[-0.491s] Level 1:colcon.colcon_core.environment:checking '/home/gnan/janu_ws/src/install/turtlebot_maze_solver/lib/python3.10/site-packages'
[-0.491s] Level 1:colcon.colcon_core.environment:checking '/home/gnan/janu_ws/src/install/turtlebot_maze_solver/bin'
[-0.490s] INFO:colcon.colcon_core.shell:Creating package script '/home/gnan/janu_ws/src/install/turtlebot_maze_solver/share/turtlebot_maze_solver/package.ps1'
[-0.489s] INFO:colcon.colcon_core.shell:Creating package descriptor '/home/gnan/janu_ws/src/install/turtlebot_maze_solver/share/turtlebot_maze_solver/package.dsv'
[-0.452s] INFO:colcon.colcon_core.shell:Creating package script '/home/gnan/janu_ws/src/install/turtlebot_maze_solver/share/turtlebot_maze_solver/package.sh'
[-0.451s] INFO:colcon.colcon_core.shell:Creating package script '/home/gnan/janu_ws/src/install/turtlebot_maze_solver/share/turtlebot_maze_solver/package.bash'
[-0.450s] INFO:colcon.colcon_core.shell:Creating package script '/home/gnan/janu_ws/src/install/turtlebot_maze_solver/share/turtlebot_maze_solver/package.zsh'
[-0.450s] Level 1:colcon.colcon_core.environment:create_file_with_runtime_dependencies(/home/gnan/janu_ws/src/install/turtlebot_maze_solver/share/colcon-core/packages/turtlebot_maze_solver)
[-0.449s] DEBUG:colcon.colcon_parallel_executor.executor.parallel:closing loop
[-0.449s] DEBUG:colcon.colcon_parallel_executor.executor.parallel:loop closed
[-0.448s] DEBUG:colcon.colcon_parallel_executor.executor.parallel:run_until_complete finished with '0'
[-0.448s] DEBUG:colcon.colcon_core.event_reactor:joining thread
[-0.362s] INFO:colcon.colcon_core.plugin_system:Skipping extension 'colcon_notification.desktop_notification.notify_send': Could not find 'notify-send'
[-0.361s] INFO:colcon.colcon_core.plugin_system:Skipping extension 'colcon_notification.desktop_notification.terminal_notifier': Not used on non-Darwin systems
[-0.361s] INFO:colcon.colcon_core.plugin_system:Skipping extension 'colcon_notification.desktop_notification.win32': Not used on non-Windows systems
[-0.361s] INFO:colcon.colcon_notification.desktop_notification:Sending desktop notification using 'notify2'
[-0.306s] DEBUG:colcon.colcon_notification.desktop_notification.notify2:Failed to initialize notify2: org.freedesktop.DBus.Error.ServiceUnknown: The name org.freedesktop.Notifications was not provided by any .service files
[-0.305s] DEBUG:colcon.colcon_core.event_reactor:joined thread
[-0.305s] INFO:colcon.colcon_core.shell:Creating prefix script '/home/gnan/janu_ws/src/install/local_setup.ps1'
[-0.303s] INFO:colcon.colcon_core.shell:Creating prefix util module '/home/gnan/janu_ws/src/install/_local_setup_util_ps1.py'
[-0.301s] INFO:colcon.colcon_core.shell:Creating prefix chain script '/home/gnan/janu_ws/src/install/setup.ps1'
[-0.299s] INFO:colcon.colcon_core.shell:Creating prefix script '/home/gnan/janu_ws/src/install/local_setup.sh'
[-0.298s] INFO:colcon.colcon_core.shell:Creating prefix util module '/home/gnan/janu_ws/src/install/_local_setup_util_sh.py'
[-0.298s] INFO:colcon.colcon_core.shell:Creating prefix chain script '/home/gnan/janu_ws/src/install/setup.sh'
[-0.296s] INFO:colcon.colcon_core.shell:Creating prefix script '/home/gnan/janu_ws/src/install/local_setup.bash'
[-0.295s] INFO:colcon.colcon_core.shell:Creating prefix chain script '/home/gnan/janu_ws/src/install/setup.bash'
[-0.294s] INFO:colcon.colcon_core.shell:Creating prefix script '/home/gnan/janu_ws/src/install/local_setup.zsh'
[-0.293s] INFO:colcon.colcon_core.shell:Creating prefix chain script '/home/gnan/janu_ws/src/install/setup.zsh'
