[1.145s] Invoking command in '/home/gnan/janu_ws/src/build/my_robot_controller': PYTHONPATH=/home/gnan/janu_ws/src/build/my_robot_controller/prefix_override:/usr/lib/python3/dist-packages/colcon_core/task/python/colcon_distutils_commands:/home/gnan/janu_ws/src/install/my_robot_controller/lib/python3.10/site-packages:${PYTHONPATH} /usr/bin/python3 -W ignore:setup.py install is deprecated -W ignore:easy_install command is deprecated setup.py develop --editable --build-directory /home/gnan/janu_ws/src/build/my_robot_controller/build --no-deps symlink_data
[1.403s] running develop
[1.539s] running egg_info
[1.539s] writing my_robot_controller.egg-info/PKG-INFO
[1.540s] writing dependency_links to my_robot_controller.egg-info/dependency_links.txt
[1.540s] writing entry points to my_robot_controller.egg-info/entry_points.txt
[1.540s] writing requirements to my_robot_controller.egg-info/requires.txt
[1.541s] writing top-level names to my_robot_controller.egg-info/top_level.txt
[1.543s] reading manifest file 'my_robot_controller.egg-info/SOURCES.txt'
[1.545s] writing manifest file 'my_robot_controller.egg-info/SOURCES.txt'
[1.546s] running build_ext
[1.546s] Creating /home/gnan/janu_ws/src/install/my_robot_controller/lib/python3.10/site-packages/my-robot-controller.egg-link (link to .)
[1.546s] Installing draw_circle script to /home/gnan/janu_ws/src/install/my_robot_controller/lib/my_robot_controller
[1.547s] Installing pose_subscriber script to /home/gnan/janu_ws/src/install/my_robot_controller/lib/my_robot_controller
[1.547s] Installing test_node script to /home/gnan/janu_ws/src/install/my_robot_controller/lib/my_robot_controller
[1.547s] Installing turtle_controller script to /home/gnan/janu_ws/src/install/my_robot_controller/lib/my_robot_controller
[1.547s] 
[1.547s] Installed /home/gnan/janu_ws/src/build/my_robot_controller
[1.547s] running symlink_data
[1.603s] Invoked command in '/home/gnan/janu_ws/src/build/my_robot_controller' returned '0': PYTHONPATH=/home/gnan/janu_ws/src/build/my_robot_controller/prefix_override:/usr/lib/python3/dist-packages/colcon_core/task/python/colcon_distutils_commands:/home/gnan/janu_ws/src/install/my_robot_controller/lib/python3.10/site-packages:${PYTHONPATH} /usr/bin/python3 -W ignore:setup.py install is deprecated -W ignore:easy_install command is deprecated setup.py develop --editable --build-directory /home/gnan/janu_ws/src/build/my_robot_controller/build --no-deps symlink_data
